{
  Result
#Equals
  <generatedTop>
    <k>
      .
    </k>
    <methods>
      SetItem ( method Main ( n : int , .ArgDecls ) returns ( r : int , .ArgDecls ) requires true ensures n * 2 == r { r := n * 2 ;  .Statements } )
    </methods>
    <stack>
      .List
    </stack>
    <store>
      0 |-> _0:Int
      1 |-> _0 *Int 2
    </store>
    <env>
      n |-> 0
      r |-> 1
    </env>
    <nextLoc>
      2
    </nextLoc>
  </generatedTop>
}
